src/components/LargeCategoryItem.tsx(2,10): error TS1484: 'LargeCategory' is a type and must be imported using a type-only import when 'verbatimModuleSyntax' is enabled.
src/components/SmallCategoryItem.tsx(2,10): error TS1484: 'SmallCategory' is a type and must be imported using a type-only import when 'verbatimModuleSyntax' is enabled.
src/components/TaskItem.tsx(2,10): error TS1484: 'Task' is a type and must be imported using a type-only import when 'verbatimModuleSyntax' is enabled.
src/store/useTodoStore.ts(4,10): error TS1484: 'LargeCategory' is a type and must be imported using a type-only import when 'verbatimModuleSyntax' is enabled.
src/store/useTodoStore.ts(4,25): error TS1484: 'Task' is a type and must be imported using a type-only import when 'verbatimModuleSyntax' is enabled.
src/utils/taskUtils.ts(1,10): error TS1484: 'Task' is a type and must be imported using a type-only import when 'verbatimModuleSyntax' is enabled.
src/utils/taskUtils.ts(1,16): error TS1484: 'LargeCategory' is a type and must be imported using a type-only import when 'verbatimModuleSyntax' is enabled.
